============================= test session starts ==============================
platform linux -- Python 3.14.2, pytest-9.1.1, pluggy-1.6.0 -- /home/codespace/.python/current/bin/python
cachedir: .pytest_cache
rootdir: /workspaces/MMA3001-Building-Sensor-Project
plugins: anyio-4.15.1, platformdirs-4.12.2
collecting ... collected 9 items

tests/test_model_utils.py::test_persistence_forecast PASSED              [ 11%]
tests/test_model_utils.py::test_evaluate_model PASSED                    [ 22%]
tests/test_model_utils.py::test_valid_temperature_inputs PASSED          [ 33%]
tests/test_model_utils.py::test_missing_input_column PASSED              [ 44%]
tests/test_model_utils.py::test_missing_input_value PASSED               [ 55%]
tests/test_model_utils.py::test_invalid_humidity PASSED                  [ 66%]
tests/test_model_utils.py::test_infinite_evaluation_input PASSED         [ 77%]
tests/test_model_utils.py::test_invalid_hour PASSED                      [ 88%]
tests/test_model_utils.py::test_mismatched_evaluation_inputs PASSED      [100%]

============================== 9 passed in 1.20s ===============================
